exports[`<App /> renders children 1`] = `
<div
  className="App" />
`;
